// Jest Snapshot v1, https://goo.gl/fbAQLP

exports[`<CardBox /> should render 1`] = `
ShallowWrapper {
  Symbol(enzyme.__root__): [Circular],
  Symbol(enzyme.__unrendered__): <CardBox />,
  Symbol(enzyme.__renderer__): Object {
    "batchedUpdates": [Function],
    "checkPropTypes": [Function],
    "getNode": [Function],
    "render": [Function],
    "simulateError": [Function],
    "simulateEvent": [Function],
    "unmount": [Function],
  },
  Symbol(enzyme.__node__): Object {
    "instance": null,
    "key": undefined,
    "nodeType": "class",
    "props": Object {
      "children": Array [
        <h3 />,
        <p>
          Não paga os primeiros 
          <span
            className="MinDescount"
          />
           minutos.
        </p>,
        <p>
          R$ 
          <span
            className="Price"
          />
        </p>,
      ],
      "className": "Container",
    },
    "ref": null,
    "rendered": Array [
      Object {
        "instance": null,
        "key": undefined,
        "nodeType": "host",
        "props": Object {
          "children": undefined,
        },
        "ref": null,
        "rendered": null,
        "type": "h3",
      },
      Object {
        "instance": null,
        "key": undefined,
        "nodeType": "host",
        "props": Object {
          "children": Array [
            "Não paga os primeiros ",
            <span
              className="MinDescount"
            />,
            " minutos.",
          ],
        },
        "ref": null,
        "rendered": Array [
          "Não paga os primeiros ",
          Object {
            "instance": null,
            "key": undefined,
            "nodeType": "host",
            "props": Object {
              "children": undefined,
              "className": "MinDescount",
            },
            "ref": null,
            "rendered": null,
            "type": "span",
          },
          " minutos.",
        ],
        "type": "p",
      },
      Object {
        "instance": null,
        "key": undefined,
        "nodeType": "host",
        "props": Object {
          "children": Array [
            "R$ ",
            <span
              className="Price"
            />,
          ],
        },
        "ref": null,
        "rendered": Array [
          "R$ ",
          Object {
            "instance": null,
            "key": undefined,
            "nodeType": "host",
            "props": Object {
              "children": undefined,
              "className": "Price",
            },
            "ref": null,
            "rendered": null,
            "type": "span",
          },
        ],
        "type": "p",
      },
    ],
    "type": [Function],
  },
  Symbol(enzyme.__nodes__): Array [
    Object {
      "instance": null,
      "key": undefined,
      "nodeType": "class",
      "props": Object {
        "children": Array [
          <h3 />,
          <p>
            Não paga os primeiros 
            <span
              className="MinDescount"
            />
             minutos.
          </p>,
          <p>
            R$ 
            <span
              className="Price"
            />
          </p>,
        ],
        "className": "Container",
      },
      "ref": null,
      "rendered": Array [
        Object {
          "instance": null,
          "key": undefined,
          "nodeType": "host",
          "props": Object {
            "children": undefined,
          },
          "ref": null,
          "rendered": null,
          "type": "h3",
        },
        Object {
          "instance": null,
          "key": undefined,
          "nodeType": "host",
          "props": Object {
            "children": Array [
              "Não paga os primeiros ",
              <span
                className="MinDescount"
              />,
              " minutos.",
            ],
          },
          "ref": null,
          "rendered": Array [
            "Não paga os primeiros ",
            Object {
              "instance": null,
              "key": undefined,
              "nodeType": "host",
              "props": Object {
                "children": undefined,
                "className": "MinDescount",
              },
              "ref": null,
              "rendered": null,
              "type": "span",
            },
            " minutos.",
          ],
          "type": "p",
        },
        Object {
          "instance": null,
          "key": undefined,
          "nodeType": "host",
          "props": Object {
            "children": Array [
              "R$ ",
              <span
                className="Price"
              />,
            ],
          },
          "ref": null,
          "rendered": Array [
            "R$ ",
            Object {
              "instance": null,
              "key": undefined,
              "nodeType": "host",
              "props": Object {
                "children": undefined,
                "className": "Price",
              },
              "ref": null,
              "rendered": null,
              "type": "span",
            },
          ],
          "type": "p",
        },
      ],
      "type": [Function],
    },
  ],
  Symbol(enzyme.__options__): Object {
    "adapter": ReactSixteenAdapter {
      "options": Object {
        "enableComponentDidUpdateOnSetState": true,
        "legacyContextMode": "parent",
        "lifecycles": Object {
          "componentDidUpdate": Object {
            "onSetState": true,
          },
          "getChildContext": Object {
            "calledByRenderer": false,
          },
          "getDerivedStateFromProps": true,
          "getSnapshotBeforeUpdate": true,
          "setState": Object {
            "skipsComponentDidUpdateOnNullish": true,
          },
        },
      },
    },
  },
}
`;
